---
source: crates/ruff_linter/src/linter.rs
---
F704 `await` statement outside of a function
 --> await_scope.ipynb:5:5
  |
3 |     await 1  # SyntaxError: await outside async function
4 | class _:
5 |     await 1  # SyntaxError: await outside function
  |     ^^^^^^^
  |
