---
source: crates/ruff_linter/src/linter.rs
---
F821 Undefined name `undefined`
 --> undefined_name.ipynb:3:7
  |
1 | colors = 6
2 | print(colors)
3 | print(undefined)
  |       ^^^^^^^^^
  |
