---
source: crates/ruff_linter/src/linter.rs
---
I001 [*] Import block is un-sorted or un-formatted
 --> isort.ipynb:1:1
  |
1 | / from pathlib import Path
2 | | import random
3 | | import math
  | |___________^
4 |   from typing import Any
5 |   import collections
  |
help: Organize imports

ℹ Safe fix
  1 |+import math
  2 |+import random
1 3 | from pathlib import Path
2   |-import random
3   |-import math
4 4 | from typing import Any
5 5 | import collections
6 6 | # Newline should be added here

I001 [*] Import block is un-sorted or un-formatted
 --> isort.ipynb:4:1
  |
2 |   import random
3 |   import math
4 | / from typing import Any
5 | | import collections
  | |__________________^
6 |   # Newline should be added here
7 |   def foo():
  |
help: Organize imports

ℹ Safe fix
1 1 | from pathlib import Path
2 2 | import random
3 3 | import math
  4 |+import collections
4 5 | from typing import Any
5   |-import collections
  6 |+
  7 |+
6 8 | # Newline should be added here
7 9 | def foo():
8 10 |     pass

I001 [*] Import block is un-sorted or un-formatted
  --> isort.ipynb:9:1
   |
 7 |   def foo():
 8 |       pass
 9 | / from pathlib import Path
10 | | import sys
   | |__________^
11 |
12 |   %matplotlib \
   |
help: Organize imports

ℹ Safe fix
6  6  | # Newline should be added here
7  7  | def foo():
8  8  |     pass
   9  |+import sys
9  10 | from pathlib import Path
10    |-import sys
11 11 | 
12 12 | %matplotlib \
13 13 |     --inline

I001 [*] Import block is un-sorted or un-formatted
  --> isort.ipynb:15:1
   |
13 |       --inline
14 |
15 | / import math
16 | | import abc
   | |__________^
   |
help: Organize imports

ℹ Safe fix
12 12 | %matplotlib \
13 13 |     --inline
14 14 | 
   15 |+import abc
15 16 | import math
16    |-import abc
