---
source: crates/ruff_linter/src/rules/flake8_blind_except/mod.rs
---
BLE001 Do not catch blind exception: `BaseException`
  --> BLE.py:25:8
   |
23 | except Exception as e:
24 |     raise e
25 | except BaseException:
   |        ^^^^^^^^^^^^^
26 |     pass
   |

BLE001 Do not catch blind exception: `Exception`
  --> BLE.py:31:8
   |
29 | try:
30 |     pass
31 | except Exception:
   |        ^^^^^^^^^
32 |     pass
33 | finally:
   |

BLE001 Do not catch blind exception: `Exception`
  --> BLE.py:42:8
   |
40 | try:
41 |     pass
42 | except Exception as e:
   |        ^^^^^^^^^
43 |     try:
44 |         raise e
   |

BLE001 Do not catch blind exception: `BaseException`
  --> BLE.py:45:12
   |
43 |     try:
44 |         raise e
45 |     except BaseException:
   |            ^^^^^^^^^^^^^
46 |         pass
   |

BLE001 Do not catch blind exception: `Exception`
  --> BLE.py:54:8
   |
52 |     except BaseException as e:
53 |         raise e
54 | except Exception:
   |        ^^^^^^^^^
55 |     pass
   |

BLE001 Do not catch blind exception: `Exception`
  --> BLE.py:60:8
   |
58 | try:
59 |     pass
60 | except Exception as e:
   |        ^^^^^^^^^
61 |     raise bad
62 | except BaseException:
   |

BLE001 Do not catch blind exception: `BaseException`
  --> BLE.py:62:8
   |
60 | except Exception as e:
61 |     raise bad
62 | except BaseException:
   |        ^^^^^^^^^^^^^
63 |     pass
   |

BLE001 Do not catch blind exception: `Exception`
  --> BLE.py:69:8
   |
67 | try:
68 |     pass
69 | except Exception:
   |        ^^^^^^^^^
70 |     logging.error("...")
   |

BLE001 Do not catch blind exception: `Exception`
  --> BLE.py:75:8
   |
73 | try:
74 |     pass
75 | except Exception:
   |        ^^^^^^^^^
76 |     logging.error("...", exc_info=False)
   |

BLE001 Do not catch blind exception: `Exception`
  --> BLE.py:81:8
   |
79 | try:
80 |     pass
81 | except Exception:
   |        ^^^^^^^^^
82 |     logging.error("...", exc_info=None)
   |

BLE001 Do not catch blind exception: `Exception`
   --> BLE.py:101:8
    |
 99 | try:
100 |     pass
101 | except Exception:
    |        ^^^^^^^^^
102 |     error("...")
    |

BLE001 Do not catch blind exception: `Exception`
   --> BLE.py:107:8
    |
105 | try:
106 |     pass
107 | except Exception:
    |        ^^^^^^^^^
108 |     error("...", exc_info=False)
    |

BLE001 Do not catch blind exception: `Exception`
   --> BLE.py:113:8
    |
111 | try:
112 |     pass
113 | except Exception:
    |        ^^^^^^^^^
114 |     error("...", exc_info=None)
    |

BLE001 Do not catch blind exception: `Exception`
   --> BLE.py:119:8
    |
117 | try:
118 |     pass
119 | except Exception:
    |        ^^^^^^^^^
120 |     critical("...")
    |

BLE001 Do not catch blind exception: `Exception`
   --> BLE.py:125:8
    |
123 | try:
124 |     pass
125 | except Exception:
    |        ^^^^^^^^^
126 |     critical("...", exc_info=False)
    |

BLE001 Do not catch blind exception: `Exception`
   --> BLE.py:131:8
    |
129 | try:
130 |     pass
131 | except Exception:
    |        ^^^^^^^^^
132 |     critical("...", exc_info=None)
    |
